Microchip MPLAB XC8 Compiler V2.31

Linker command line:

-W-3 --edf=C:\Program Files\Microchip\xc8\v2.31\pic\dat\en_msgs.txt -cn \
  -h+dist/default/production\Z80Tester.X.production.sym \
  --cmf=dist/default/production\Z80Tester.X.production.cmf -z -Q16F690 \
  -oC:\Users\gordo\AppData\Local\Temp\s68c.2 --defsym=__MPLAB_BUILD=1 \
  -Mdist/default/production/Z80Tester.X.production.map -E1 \
  -ver=XC8 Compiler --acfsm=1493 -ASTACK=020h-06Fh -pstack=STACK \
  -ACODE=00h-07FFhx2 -ASTRCODE=00h-0FFFh -ASTRING=00h-0FFhx16 \
  -ACONST=00h-0FFhx16 -AENTRY=00h-0FFhx16 -ACOMMON=070h-07Fh \
  -ABANK0=020h-06Fh -ABANK1=0A0h-0EFh -ABANK2=0120h-016Fh \
  -ARAM=020h-06Fh,0A0h-0EFh,0120h-016Fh \
  -AABS1=020h-07Fh,0A0h-0EFh,0120h-016Fh -ASFR0=00h-01Fh -ASFR1=080h-09Fh \
  -ASFR2=0100h-011Fh -ASFR3=0180h-01EFh -ACONFIG=02007h-02007h -DCONFIG=2 \
  -AIDLOC=02000h-02003h -DIDLOC=2 -AEEDATA=00h-0FFh/02100h \
  -peeprom_data=EEDATA -DEEDATA=2 -DCODE=2 -DSTRCODE=2 -DSTRING=2 -DCONST=2 \
  -DENTRY=2 -preset_vec=00h,intentry,init,end_init -ppowerup=CODE \
  -pcinit=CODE -pfunctab=ENTRY -k C:\Users\gordo\AppData\Local\Temp\s68c.o \
  dist/default/production\Z80Tester.X.production.o 

Object code version is 3.11

Machine type is 16F690



                Name                               Link     Load   Length Selector   Space Scale
C:\Users\gordo\AppData\Local\Temp\s68c.o
                end_init                              0        0        2        0       0
                config                             2007     2007        1        0       4
dist/default/production\Z80Tester.X.production.o
                cinit                               7F9      7F9        7      FF2       0
                config                             2007     2007        1        0       4
                text1                               7D5      7D5       24      FAA       0
                maintext                            7B5      7B5       20      F6A       0
                cstackCOMMON                         70       70        6       70       1
                dataCOMMON                           76       76        1       70       1
                idataCOMMON                         7B4      7B4        1      F68       0

TOTAL           Name                               Link     Load   Length     Space
        CLASS   STACK          

        CLASS   CODE           
                end_init                              0        0        2         0
                cinit                               7F9      7F9        7         0
                text1                               7D5      7D5       24         0
                maintext                            7B5      7B5       20         0
                idataCOMMON                         7B4      7B4        1         0

        CLASS   STRCODE        

        CLASS   STRING         

        CLASS   CONST          

        CLASS   ENTRY          

        CLASS   COMMON         
                cstackCOMMON                         70       70        6         1
                dataCOMMON                           76       76        1         1

        CLASS   BANK0          

        CLASS   BANK1          

        CLASS   BANK2          

        CLASS   RAM            

        CLASS   ABS1           
                abs_s1                               7E       7E        2         1

        CLASS   SFR0           

        CLASS   SFR1           

        CLASS   SFR2           

        CLASS   SFR3           

        CLASS   CONFIG         
                config                             2007     2007        1         4

        CLASS   IDLOC          

        CLASS   EEDATA         

        CLASS   BANK3          



SEGMENTS        Name                           Load    Length   Top    Selector   Space  Class     Delta

                reset_vec                      000000  000002  000002         0       0  CODE        2
                cstackCOMMON                   000070  000007  000077        70       1  COMMON      1
                idataCOMMON                    0007B4  000001  0007B5       F68       0  CODE        2
                maintext                       0007B5  000020  0007D5       F6A       0  CODE        2
                text1                          0007D5  000024  0007F9       FAA       0  CODE        2
                cinit                          0007F9  000007  000800       FF2       0  CODE        2


UNUSED ADDRESS RANGES

        Name                Unused          Largest block    Delta
        BANK0            0020-006F             50           1
        BANK1            00A0-00EF             50           1
        BANK2            0120-016F             50           1
        CODE             0002-07B3            7B2           2
                         0800-0FFF            800
        COMMON           0077-007D              7           1
        CONST            0002-07B3            100           2
                         0800-0FFF            100
        EEDATA           2100-21FF            100           2
        ENTRY            0002-07B3            100           2
                         0800-0FFF            100
        IDLOC            2000-2003              4           2
        RAM              0020-006F             50           1
                         00A0-00EF             50
                         0120-016F             50
        SFR0             0000-001F             20           1
        SFR1             0080-009F             20           1
        SFR2             0100-011F             20           1
        SFR3             0180-01EF             70           1
        STACK            0020-006F             50           1
        STRCODE          0002-07B3            7B2           2
                         0800-0FFF            800
        STRING           0002-07B3            100           2
                         0800-0FFF            100

                                  Symbol Table

_ADCON0                  (abs)        001F
_ADCON0bits              (abs)        001F
_ADCON1                  (abs)        009F
_ANSEL                   (abs)        011E
_ANSELH                  (abs)        011F
_CCP1CON                 (abs)        0017
_CM1CON0                 (abs)        0119
_CM2CON0                 (abs)        011A
_CM2CON1                 (abs)        011B
_INTCON                  (abs)        000B
_PORTC                   (abs)        0007
_RC0                     (abs)        0038
_RC1                     (abs)        0039
_TRISA                   (abs)        0085
_TRISBbits               (abs)        0086
_TRISC                   (abs)        0087
_WPUB4                   (abs)        08AC
__Habs1                  abs1         0000
__Hbank0                 bank0        0000
__Hbank1                 bank1        0000
__Hbank2                 bank2        0000
__Hbank3                 bank3        0000
__Hcinit                 cinit        0800
__Hclrtext               clrtext      0000
__Hcode                  code         0000
__Hcommon                common       0000
__Hconfig                config       2008
__HcstackCOMMON          cstackCOMMON 0000
__HdataCOMMON            dataCOMMON   0000
__Heeprom_data           eeprom_data  0000
__Hend_init              end_init     0002
__Hfunctab               functab      0000
__HidataCOMMON           idataCOMMON  0000
__Hinit                  init         0000
__Hintentry              intentry     0000
__Hmaintext              maintext     0000
__Hpowerup               powerup      0000
__Hram                   ram          0000
__Hreset_vec             reset_vec    0000
__Hsfr0                  sfr0         0000
__Hsfr1                  sfr1         0000
__Hsfr2                  sfr2         0000
__Hsfr3                  sfr3         0000
__Hspace_0               (abs)        0800
__Hspace_1               (abs)        0077
__Hspace_2               (abs)        0000
__Hspace_3               (abs)        0000
__Hspace_4               (abs)        400F
__Hstack                 stack        0000
__Hstrings               strings      0000
__Htext                  text         0000
__Labs1                  abs1         0000
__Lbank0                 bank0        0000
__Lbank1                 bank1        0000
__Lbank2                 bank2        0000
__Lbank3                 bank3        0000
__Lcinit                 cinit        07F9
__Lclrtext               clrtext      0000
__Lcode                  code         0000
__Lcommon                common       0000
__Lconfig                config       0000
__LcstackCOMMON          cstackCOMMON 0000
__LdataCOMMON            dataCOMMON   0000
__Leeprom_data           eeprom_data  0000
__Lend_init              end_init     0000
__Lfunctab               functab      0000
__LidataCOMMON           idataCOMMON  0000
__Linit                  init         0000
__Lintentry              intentry     0000
__Lmaintext              maintext     0000
__Lpowerup               powerup      0000
__Lram                   ram          0000
__Lreset_vec             reset_vec    0000
__Lsfr0                  sfr0         0000
__Lsfr1                  sfr1         0000
__Lsfr2                  sfr2         0000
__Lsfr3                  sfr3         0000
__Lspace_0               (abs)        0000
__Lspace_1               (abs)        0000
__Lspace_2               (abs)        0000
__Lspace_3               (abs)        0000
__Lspace_4               (abs)        0000
__Lstack                 stack        0000
__Lstrings               strings      0000
__Ltext                  text         0000
__S0                     (abs)        0800
__S1                     (abs)        0077
__S2                     (abs)        0000
__S3                     (abs)        0000
___int_sp                stack        0000
___latbits               (abs)        0001
___sp                    stack        0000
___stackhi               (abs)        0000
___stacklo               (abs)        0000
__end_of__initialization cinit        07FD
__end_of_initHW          text1        07F9
__end_of_main            maintext     07D5
__initialization         cinit        07F9
__pcstackCOMMON          cstackCOMMON 0070
__pdataCOMMON            dataCOMMON   0076
__pidataCOMMON           idataCOMMON  07B4
__pmaintext              maintext     07B5
__ptext1                 text1        07D5
__size_of_initHW         (abs)        0000
__size_of_main           (abs)        0000
_initHW                  text1        07D5
_main                    maintext     07B5
btemp                    (abs)        007E
end_of_initialization    cinit        07FD
intlevel0                functab      0000
intlevel1                functab      0000
intlevel2                functab      0000
intlevel3                functab      0000
intlevel4                functab      0000
intlevel5                functab      0000
reset_vec                reset_vec    0000
start                    init         0000
start_initialization     cinit        07F9
wtemp0                   (abs)        007E


FUNCTION INFORMATION:

 *************** function _main *****************
 Defined at:
		line 85 in file "Z80Tester.c"
 Parameters:    Size  Location     Type
  argc            2    0[COMMON] int 
  argv            2    2[COMMON] PTR PTR unsigned char 
 Auto vars:     Size  Location     Type
		None
 Return value:  Size  Location     Type
                  2    0[COMMON] int 
 Registers used:
		wreg, status,2, status,0, pclath, cstack
 Tracked objects:
		On entry : 
		On exit  : 
		Unchanged: 
 Data sizes:     COMMON   BANK0   BANK1   BANK2
      Params:         4       0       0       0
      Locals:         0       0       0       0
      Temps:          2       0       0       0
      Totals:         6       0       0       0
Total ram usage:        6 bytes
 Hardware stack levels required when called:    1
 This function calls:
		_initHW
 This function is called by:
		Startup code after reset
 This function uses a non-reentrant model


 *************** function _initHW *****************
 Defined at:
		line 28 in file "Z80Tester.c"
 Parameters:    Size  Location     Type
		None
 Auto vars:     Size  Location     Type
		None
 Return value:  Size  Location     Type
                  1    wreg      void 
 Registers used:
		status,2
 Tracked objects:
		On entry : 
		On exit  : 
		Unchanged: 
 Data sizes:     COMMON   BANK0   BANK1   BANK2
      Params:         0       0       0       0
      Locals:         0       0       0       0
      Temps:          0       0       0       0
      Totals:         0       0       0       0
Total ram usage:        0 bytes
 Hardware stack levels used:    1
 This function calls:
		Nothing
 This function is called by:
		_main
 This function uses a non-reentrant model



MODULE INFORMATION

Module		Function		Class		Link	Load	Size
Z80Tester.c
		_main          		CODE           	07B5	0000	32
		_initHW        		CODE           	07D5	0000	36

Z80Tester.c estimated size: 68

shared
		__initialization		CODE           	07F9	0000	4

shared estimated size: 4

